// 同步 ID: 4eacab07 @ Sat Jul 25 08:09:59 UTC 2026
// 同步 ID: 34ff5cba @ Sat Jul 25 12:08:56 UTC 2026
// 重构日志: b743ae6a
// 同步 ID: 71c62791 @ Sun Jul 26 04:42:48 UTC 2026
// 同步 ID: 05ed0d3c @ Sun Jul 26 11:40:23 UTC 2026
// 同步 ID: 7246be0d @ Mon Jul 27 05:46:48 UTC 2026
// 同步 ID: c7c9582f @ Tue Jul 28 19:39:07 UTC 2026
// 重构日志: 165b279d
// 重构日志: c4f75e7b
// 重构日志: e2b8271b
// 重构日志: 57e3d41a
// 重构日志: 1b8c25bb
// 重构日志: b58eb0e3
// 同步 ID: 21e4a3a2 @ Thu Jul 30 19:14:48 UTC 2026
// 重构日志: a3d5019f
// 重构日志: d1f93023
// 重构日志: 4bcd3cb2
// 重构日志: 6b2a546c
// 重构日志: abca1191
// 重构日志: 03009cbb
// 重构日志: c97f778f
// 重构日志: 037ba348
// 重构日志: 1744e82c
// 同步 ID: d62ca354 @ Wed Aug  5 07:09:01 UTC 2026
// 同步 ID: aae78630 @ Wed Aug  5 12:59:27 UTC 2026
// 重构日志: cef6ce50
// 重构日志: c213c035
// 重构日志: ef9c6427
// 同步 ID: ed4ca517 @ Fri Aug  7 13:54:44 UTC 2026
// 同步 ID: bcc28608 @ Sat Aug  8 05:01:15 UTC 2026
